Creating cloud account (this may take ~30s for data generation)...
Account created: 7150c389-e0c3-4520-b1c0-4fe986496c66
Running simulation tick...
Generating insights...
Syncing account 7150c389-e0c3-4520-b1c0-4fe986496c66...

============================================================
FULL END-TO-END API TEST RESULTS
============================================================
[OK  ] health: HTTP 200
[FAIL] register: HTTP 400 => {"detail":"Email already registered"}
[OK  ] login: HTTP 200
[OK  ] me: HTTP 200
[OK  ] create_account: HTTP 200
[OK  ] list_accounts: HTTP 200
[OK  ] costs: HTTP 200
[OK  ] costs_summary: HTTP 200 => {"success":true,"data":{"current_month_total":28036.35,"previous_month_total":20
[OK  ] costs_services: HTTP 200
[OK  ] sim_status: HTTP 200
[OK  ] sim_start: HTTP 200
[OK  ] sim_tick: HTTP 200
[OK  ] anomaly_stats: HTTP 200 => {"success":true,"data":{"total_count":2,"total_open":2,"avg_deviation":67.8,"by_
[OK  ] anomalies_list: HTTP 200
[OK  ] alerts: HTTP 200
[OK  ] alerts_unread: HTTP 200
[OK  ] insights: HTTP 200
[OK  ] sim_stop: HTTP 200
[OK  ] settings_get: HTTP 200 => {"success":true,"message":"Success","data":{"phone_number":null,"notification_pr
[OK  ] settings_put: HTTP 200
[OK  ] activity: HTTP 200
[FAIL] account_sync: HTTP 500 => {"detail":"Sync failed: (pymysql.err.IntegrityError) (1062, \"Duplicate entry '7
[OK  ] alerts_read_all: HTTP 200
[OK  ] update_me: HTTP 200
[OK  ] delete_account: HTTP 204

RESULT: 23 OK / 2 FAIL out of 25 tests
SOME TESTS FAILED - review above
